1) 
. . . . . . . . . . 
. . . . . . . . . . 
. . R G B Y X . . . 
. . . . . . . . . . 
. . . . . . . . . . 
. . . . . . . . . . 
. . . . . . . . . . 
. . . . . . . . . . 
. . . . . . . . . . 
