1) 
. . . . . . . . . . 
. R . . . . . . . . 
. . R . . . . . . . 
. . . . . . . . . . 
. . . . . . . . . . 
. . . . . . . . . . 
. . . . . . . . . . 
. . . . . . . . . . 
. . . . . . . . . . 
2) 
. . . . . . . . . . 
. . . . . . . . . . 
. . . . . . . . . . 
. . . . . . . . . . 
. . . . . . . . . . 
. . . . . . . . . . 
. . . . . . . . . . 
. . . . . . . . . . 
. . . . . . . . . . 
