1) 
. . . . . . . . . . 
. R . G G . . . . . 
. . . . . . . . . . 
. . . B . . . . . . 
. . . . . . . . . . 
. . . . . . . . . . 
. . . . . . . . . . 
. . . . . . . . . . 
. . . . . . . . . . 
2) 
. . . . . . . . . . 
. . . . . . . . . . 
. . X G G . . . . . 
. . . . . . . . . . 
. . . . . . . . . . 
. . . . . . . . . . 
. . . . . . . . . . 
. . . . . . . . . . 
. . . . . . . . . . 
3) 
. . . . . . . . . . 
. . . G . . . . . . 
. . . G . . . . . . 
. . . G . . . . . . 
. . . . . . . . . . 
. . . . . . . . . . 
. . . . . . . . . . 
. . . . . . . . . . 
. . . . . . . . . . 
